; Keywords

; Preprocessor directives

*#command
*#define
*#error
*#ifdef
*#ifndef
*#include
*#stdout
*#undef
*#xcommand

; Commands and reserved words

Accept
Announce
Append
Average
Box
Break
Call
Cancel
*Case
Clear
Close
Commit
Continue
Count
Create
Declare
Default
Delete
Dir
Display
Do
Eject
Else
*ElseIf
*End
Endcase
Endif
Enddo
Erase
Exit
External
Field
Find
For
Form
From
Function
Get
Gets
Go
If
Index
Input
Join
Keyboard
Label
List
Local
Locate
Loop
Memory
Memvar
Menu
*nil
Note
*on
*off
Otherwise
Pack
Parameters
Picture
Private
Procedure
Prompt
Public
Quit
Read
Recall
Reindex
Release
Rename
Range
Replace
Report
Request
Restore
Return
Run
Save
Say
Screen
Seek
Select
Skip
Sort
Static
Store
Structure
Sum
Tag
TBrowse
Text
*to
Total
Type
Typeahead
Unlock
Update
Use
Wait
Zap
.or.
.not.
.and.

; MiniGUI

Action
Activate
Backcolor
Button
Center
Clock
ComboBox
Context
DatePicker
Define
EditBox
Entry
Height
Icon
Ini
Interval
Item
Items
Key
ListBox
Main
MenuItem
MultiSelect
NoCaption
NoShow
Notify
NotifyClick
NotifyIcon
NotifyTooltip
Of
OnChange
OnDblClick
OnGotFocus
OnLostFocus
Popup
*ProgressBar
Section
*Timer

; Functions

AAdd
Abs
AChoice
AClone
ACopy
ADel
ADir
*AEval
AFields
AFill
AIns
Alert
Alias
AllTrim
AltD
Array
Asc
AScan
ASize
ASort
At
ATail
Begin
Bin2i
Bin2l
Bin2w
BlobDirectExp
BlobDirectGet
BlobDirectImp
BlobDirectPut
BlobExport
BlobGet
BlobImport
BlobRootGet
BlobRootLock
BlobRootPut
BlobRootUnloc
Bof
Break
Browse
CDow
Chr
CMonth
Col
ColorSelect
CTod
CurDir
Date
Day
DbAppend
DbClearFilter
DbClearIndex
DbClearRelation
DbCloseAll
DbCloseArea
DbCommit
DbCommitAll
DbCreate
DbCreateIndex
DbDelete
DbEdit
DbEval
Dbf
DbFieldinfo
DbFileGet
DbFilePut
DbFilter
DbGoBottom
DbGoto
DbGoTop
DbInfo
DbOrderInfo
DbRecall
DbRecordInfo
DbReindex
DbRelation
DbRLock
DbRLockList
DbRSelect
DbRUnlock
DbSeek
DbSelectArea
DbSetDriver
DbSetFilter
DbSetIndex
DbSetOrder
DbSetRelation
DbSkip
DbStruct
DbUnlock
DbUnlockAll
DbUseArea
Deleted
Descend
DevOut
DevOutPict
DevPos
*DirChange
Directory
DirMake
DirRemove
DiskChange
DiskName
DiskSpace
DispBegin
DispBox
DispCount
DispEnd
DispOut
DosError
DoW
DtoC
DtoS
Empty
Eof
ErrorBlock
ErrorLevel
Eval
Exp
FClose
FCount
FCreate
FErase
FError
FieldBlock
FieldGet
FieldName
FieldPos
FieldPut
FieldWBlock
File
FkLabel
FkMax
FLock
FOpen
Found
FRead
FReadStr
FRename
FSeek
FWrite
GbmpDisp
GbmpLoad
GEllipse
GEtactive
GetApplyKey
GetDoSetKey
GetEnv
GetPostValid
GetPreValid
GetReader
GfntErase
GfntLoad
GfntSet
GFrame
GGetPixel
GLine
GMode
GPolygon
GPutPixel
GRect
GSetClip
GSetExcl
GSetPal
GWriteAt
HardCR
HB_ANSItoOEM
HB_ColorIndex
HB_DiskSpace
HB_FEof
HB_IdleAdd
HB_IdleDel
HB_IdleState
HB_IsByRef
HB_KeyPut
HB_LangName
HB_LangSelect
HB_OEMtoANSI
HB_OSNewLine
HB_PValue
HB_SetKeyCheck
HB_SetKeyGet
HB_SetKeySave
HB_ValToStr
HBClass
Header
I2bin
If
*IIf
IndexExt
IndexKey
IndexOrd
Inkey
Int
IsAlpha
IsColor
IsDigit
IsLower
IsPrinter
IsUpper
L2bin
Lastkey
Lastrec
Left
Len
Log
Lower
LTrim
LUpdate
Max
MaxCol
MaxRow
MCol
MDblClk
MemoEdit
MemoLine
MemoRead
Memory
MemoSetSuper
MemoTran
MemoWrit
MemvarBlock
MenuModal
MHide
Min
MLCount
MLCToPos
MLeftDown
MLPos
Mod
Month
MPosToLC
MPresent
MRestState
MRightDown
MRow
MSaveState
MSetBounds
MSetClip
MSetCursor
MSetPos
MShow
MState
NetErr
NetName
NextKey
NoSnow
OrdBagExt
OrdBagName
OrdCond
OrdCondSet
OrdCreate
OrdDescend
OrdDestroy
OrdFor
OrdIsUnique
OrdKey
OrdKeyAdd
OrdKeyCount
OrdKeyDel
OrdKeyGoto
OrdKeyNo
OrdKeyVal
OrdListAdd
OrdListClear
OrdListRebuild
OrdName
OrdNumber
OrdScope
OrdSetFocus
OrdSetRelation
OrdSkipUnique
Os
OutErr
OutStd
Pad
*PadC
*PadL
*PadR
PCol
PCount
ProcLine
ProcName
PRow
Qout
*RAt
RddList
RddName
RddSetDefault
ReadExit
ReadFormat
ReadInsert
ReadKey
ReadKill
ReadModal
ReadUpdated
ReadVar
RecCount
Recno
RecSize
Replicate
Restscreen
Right
RLock
Round
Row
RTrim
Savescreen
Scroll
Seconds
Select
Sequence
Set
SetBlink
SetCancel
SetColor
SetCursor
SetKey
SetMode
SetPos
SetPrc
Soundex
Space
SQrt
StoD
Str
StrTran
Stuff
Substr
Time
Tone
Transform
Trim
Type
Updated
Upper
Used
Val
Valtype
Version
Word
Year
